
> vision-ai.tech@0.0.1 build
> vite build

[36mvite v7.0.6 [32mbuilding SSR bundle for production...[36m[39m
transforming...
[32mΓ£ô[39m 365 modules transformed.
